Flow report for rv32i_soc
Mon Aug 03 13:34:07 2026
Quartus II 64-Bit Version 13.0.1 Build 232 06/12/2013 Service Pack 1 SJ Web Edition


---------------------
; Table of Contents ;
---------------------
  1. Legal Notice
  2. Flow Summary
  3. Flow Settings
  4. Flow Non-Default Global Settings
  5. Flow Elapsed Time
  6. Flow OS Summary
  7. Flow Log
  8. Flow Messages
  9. Flow Suppressed Messages



----------------
; Legal Notice ;
----------------
Copyright (C) 1991-2013 Altera Corporation
Your use of Altera Corporation's design tools, logic functions 
and other software and tools, and its AMPP partner logic 
functions, and any output files from any of the foregoing 
(including device programming or simulation files), and any 
associated documentation or information are expressly subject 
to the terms and conditions of the Altera Program License 
Subscription Agreement, Altera MegaCore Function License 
Agreement, or other applicable license agreement, including, 
without limitation, that your use is for the sole purpose of 
programming logic devices manufactured by Altera and sold by 
Altera or its authorized distributors.  Please refer to the 
applicable agreement for further details.



+--------------------------------------------------------------------------------------+
; Flow Summary                                                                         ;
+------------------------------------+-------------------------------------------------+
; Flow Status                        ; Successful - Mon Aug 03 13:34:03 2026           ;
; Quartus II 64-Bit Version          ; 13.0.1 Build 232 06/12/2013 SP 1 SJ Web Edition ;
; Revision Name                      ; rv32i_soc                                       ;
; Top-level Entity Name              ; FPGA_Top                                        ;
; Family                             ; Cyclone II                                      ;
; Device                             ; EP2C35F672C6                                    ;
; Timing Models                      ; Final                                           ;
; Total logic elements               ; 5,768 / 33,216 ( 17 % )                         ;
;     Total combinational functions  ; 4,943 / 33,216 ( 15 % )                         ;
;     Dedicated logic registers      ; 2,814 / 33,216 ( 8 % )                          ;
; Total registers                    ; 2814                                            ;
; Total pins                         ; 144 / 475 ( 30 % )                              ;
; Total virtual pins                 ; 0                                               ;
; Total memory bits                  ; 49,152 / 483,840 ( 10 % )                       ;
; Embedded Multiplier 9-bit elements ; 0 / 70 ( 0 % )                                  ;
; Total PLLs                         ; 0 / 4 ( 0 % )                                   ;
+------------------------------------+-------------------------------------------------+


+-----------------------------------------+
; Flow Settings                           ;
+-------------------+---------------------+
; Option            ; Setting             ;
+-------------------+---------------------+
; Start date & time ; 08/03/2026 13:32:42 ;
; Main task         ; Compilation         ;
; Revision Name     ; rv32i_soc           ;
+-------------------+---------------------+


+------------------------------------------------------------------------------------------------------------------+
; Flow Non-Default Global Settings                                                                                 ;
+-------------------------------------+---------------------------------+---------------+-------------+------------+
; Assignment Name                     ; Value                           ; Default Value ; Entity Name ; Section Id ;
+-------------------------------------+---------------------------------+---------------+-------------+------------+
; COMPILER_SIGNATURE_ID               ; 167939665859073.178574416117472 ; --            ; --          ; --         ;
; ENABLE_SIGNALTAP                    ; Off                             ; --            ; --          ; --         ;
; MAX_CORE_JUNCTION_TEMP              ; 85                              ; --            ; --          ; --         ;
; MIN_CORE_JUNCTION_TEMP              ; 0                               ; --            ; --          ; --         ;
; NUM_PARALLEL_PROCESSORS             ; All                             ; --            ; --          ; --         ;
; PARTITION_COLOR                     ; 16764057                        ; --            ; FPGA_Top    ; Top        ;
; PARTITION_FITTER_PRESERVATION_LEVEL ; PLACEMENT_AND_ROUTING           ; --            ; FPGA_Top    ; Top        ;
; PARTITION_NETLIST_TYPE              ; SOURCE                          ; --            ; FPGA_Top    ; Top        ;
; SMART_RECOMPILE                     ; On                              ; Off           ; --          ; --         ;
; TOP_LEVEL_ENTITY                    ; FPGA_Top                        ; rv32i_soc     ; --          ; --         ;
+-------------------------------------+---------------------------------+---------------+-------------+------------+


+-------------------------------------------------------------------------------------------------------------------------------+
; Flow Elapsed Time                                                                                                             ;
+---------------------------+--------------+-------------------------+---------------------+------------------------------------+
; Module Name               ; Elapsed Time ; Average Processors Used ; Peak Virtual Memory ; Total CPU Time (on all processors) ;
+---------------------------+--------------+-------------------------+---------------------+------------------------------------+
; Analysis & Synthesis      ; 00:00:31     ; 1.0                     ; 4629 MB             ; 00:00:28                           ;
; Fitter                    ; 00:00:44     ; 1.0                     ; 4952 MB             ; 00:00:41                           ;
; Assembler                 ; 00:00:03     ; 1.0                     ; 4593 MB             ; 00:00:03                           ;
; TimeQuest Timing Analyzer ; 00:00:03     ; 1.0                     ; 4631 MB             ; 00:00:03                           ;
; Total                     ; 00:01:21     ; --                      ; --                  ; 00:01:15                           ;
+---------------------------+--------------+-------------------------+---------------------+------------------------------------+


+----------------------------------------------------------------------------------------+
; Flow OS Summary                                                                        ;
+---------------------------+------------------+-----------+------------+----------------+
; Module Name               ; Machine Hostname ; OS Name   ; OS Version ; Processor type ;
+---------------------------+------------------+-----------+------------+----------------+
; Analysis & Synthesis      ; NAVN             ; Windows 7 ; 6.2        ; x86_64         ;
; Fitter                    ; NAVN             ; Windows 7 ; 6.2        ; x86_64         ;
; Assembler                 ; NAVN             ; Windows 7 ; 6.2        ; x86_64         ;
; TimeQuest Timing Analyzer ; NAVN             ; Windows 7 ; 6.2        ; x86_64         ;
+---------------------------+------------------+-----------+------------+----------------+


------------
; Flow Log ;
------------
quartus_map --read_settings_files=on --write_settings_files=off rv32i_soc -c rv32i_soc
quartus_fit --read_settings_files=off --write_settings_files=off rv32i_soc -c rv32i_soc
quartus_asm --read_settings_files=off --write_settings_files=off rv32i_soc -c rv32i_soc
quartus_sta rv32i_soc -c rv32i_soc



